// Jest Snapshot v1, https://goo.gl/fbAQLP

exports[`Banner component renders a Banner by default 1`] = `
<section
  className="banner"
>
  <h2 />
</section>
`;
