// Jest Snapshot v1, https://goo.gl/fbAQLP

exports[`Hero Component renders a Hero by default 1`] = `<header />`;
